Archive member included to satisfy reference by file (symbol)

OVMF/MdeModulePkg/Bus/Isa/Ps2KeyboardDxe/ff/Ps2KeyboardDxe.lib(ComponentName.obj)
                              (--whole-archive)
OVMF/MdeModulePkg/Bus/Isa/Ps2KeyboardDxe/ff/Ps2KeyboardDxe.lib(Ps2KbdCtrller.obj)
                              (--whole-archive)
OVMF/MdeModulePkg/Bus/Isa/Ps2KeyboardDxe/ff/Ps2KeyboardDxe.lib(Ps2KbdTextIn.obj)
                              (--whole-archive)
OVMF/MdeModulePkg/Bus/Isa/Ps2KeyboardDxe/ff/Ps2KeyboardDxe.lib(Ps2Keyboard.obj)
                              (--whole-archive)
OVMF/MdeModulePkg/Bus/Isa/Ps2KeyboardDxe/ff/Ps2KeyboardDxe.lib(AutoGen.obj)
                              (--whole-archive)
OVMF/MdePkg/Library/RegisterFilterLibNull/ff/FilterLibNull.lib(RegisterFilterLibNull.obj)
                              (--whole-archive)
OVMF/MdePkg/Library/DxePcdLib/ff/DxePcdLib.lib(DxePcdLib.obj)
                              (--whole-archive)
OVMF/MdePkg/Library/BaseMemoryLibRepStr/ff/BaseMemoryLibRepStr.lib(ScanMem64Wrapper.obj)
                              (--whole-archive)
OVMF/MdePkg/Library/BaseMemoryLibRepStr/ff/BaseMemoryLibRepStr.lib(ScanMem32Wrapper.obj)
                              (--whole-archive)
OVMF/MdePkg/Library/BaseMemoryLibRepStr/ff/BaseMemoryLibRepStr.lib(ScanMem16Wrapper.obj)
                              (--whole-archive)
OVMF/MdePkg/Library/BaseMemoryLibRepStr/ff/BaseMemoryLibRepStr.lib(ScanMem8Wrapper.obj)
                              (--whole-archive)
OVMF/MdePkg/Library/BaseMemoryLibRepStr/ff/BaseMemoryLibRepStr.lib(ZeroMemWrapper.obj)
                              (--whole-archive)
OVMF/MdePkg/Library/BaseMemoryLibRepStr/ff/BaseMemoryLibRepStr.lib(CompareMemWrapper.obj)
                              (--whole-archive)
OVMF/MdePkg/Library/BaseMemoryLibRepStr/ff/BaseMemoryLibRepStr.lib(SetMemNWrapper.obj)
                              (--whole-archive)
OVMF/MdePkg/Library/BaseMemoryLibRepStr/ff/BaseMemoryLibRepStr.lib(SetMem64Wrapper.obj)
                              (--whole-archive)
OVMF/MdePkg/Library/BaseMemoryLibRepStr/ff/BaseMemoryLibRepStr.lib(SetMem32Wrapper.obj)
                              (--whole-archive)
OVMF/MdePkg/Library/BaseMemoryLibRepStr/ff/BaseMemoryLibRepStr.lib(SetMem16Wrapper.obj)
                              (--whole-archive)
OVMF/MdePkg/Library/BaseMemoryLibRepStr/ff/BaseMemoryLibRepStr.lib(SetMemWrapper.obj)
                              (--whole-archive)
OVMF/MdePkg/Library/BaseMemoryLibRepStr/ff/BaseMemoryLibRepStr.lib(CopyMemWrapper.obj)
                              (--whole-archive)
OVMF/MdePkg/Library/BaseMemoryLibRepStr/ff/BaseMemoryLibRepStr.lib(IsZeroBufferWrapper.obj)
                              (--whole-archive)
OVMF/MdePkg/Library/BaseMemoryLibRepStr/ff/BaseMemoryLibRepStr.lib(MemLibGuid.obj)
                              (--whole-archive)
OVMF/MdePkg/Library/BaseMemoryLibRepStr/ff/BaseMemoryLibRepStr.lib(ScanMem64.obj)
                              (--whole-archive)
OVMF/MdePkg/Library/BaseMemoryLibRepStr/ff/BaseMemoryLibRepStr.lib(ScanMem32.obj)
                              (--whole-archive)
OVMF/MdePkg/Library/BaseMemoryLibRepStr/ff/BaseMemoryLibRepStr.lib(ScanMem16.obj)
                              (--whole-archive)
OVMF/MdePkg/Library/BaseMemoryLibRepStr/ff/BaseMemoryLibRepStr.lib(ScanMem8.obj)
                              (--whole-archive)
OVMF/MdePkg/Library/BaseMemoryLibRepStr/ff/BaseMemoryLibRepStr.lib(CompareMem.obj)
                              (--whole-archive)
OVMF/MdePkg/Library/BaseMemoryLibRepStr/ff/BaseMemoryLibRepStr.lib(ZeroMem.obj)
                              (--whole-archive)
OVMF/MdePkg/Library/BaseMemoryLibRepStr/ff/BaseMemoryLibRepStr.lib(SetMem64.obj)
                              (--whole-archive)
OVMF/MdePkg/Library/BaseMemoryLibRepStr/ff/BaseMemoryLibRepStr.lib(SetMem32.obj)
                              (--whole-archive)
OVMF/MdePkg/Library/BaseMemoryLibRepStr/ff/BaseMemoryLibRepStr.lib(SetMem16.obj)
                              (--whole-archive)
OVMF/MdePkg/Library/BaseMemoryLibRepStr/ff/BaseMemoryLibRepStr.lib(SetMem.obj)
                              (--whole-archive)
OVMF/MdePkg/Library/BaseMemoryLibRepStr/ff/BaseMemoryLibRepStr.lib(CopyMem.obj)
                              (--whole-archive)
OVMF/MdePkg/Library/BaseMemoryLibRepStr/ff/BaseMemoryLibRepStr.lib(IsZeroBuffer.obj)
                              (--whole-archive)
OVMF/MdePkg/Library/BaseLib/ff/BaseLib.lib(CheckSum.obj)
                              (--whole-archive)
OVMF/MdePkg/Library/BaseLib/ff/BaseLib.lib(SwitchStack.obj)
                              (--whole-archive)
OVMF/MdePkg/Library/BaseLib/ff/BaseLib.lib(SwapBytes64.obj)
                              (--whole-archive)
OVMF/MdePkg/Library/BaseLib/ff/BaseLib.lib(SwapBytes32.obj)
                              (--whole-archive)
OVMF/MdePkg/Library/BaseLib/ff/BaseLib.lib(SwapBytes16.obj)
                              (--whole-archive)
[...]
Memory Configuration

Name             Origin             Length             Attributes
*default*        0x0000000000000000 0xffffffffffffffff

Linker script and memory map

START GROUP
LOAD /tmp/ccOES79M.ltrans0.ltrans.o
LOAD /tmp/ccHtevKa.debug.temp.o
LOAD /tmp/ccnKGM1d.debug.temp.o
LOAD /tmp/ccFZcO9w.debug.temp.o
LOAD /tmp/ccqlOdXq.debug.temp.o
LOAD /tmp/ccEOkzpH.debug.temp.o
LOAD /tmp/ccUFeTXd.debug.temp.o
LOAD /tmp/cc6V8C5c.debug.temp.o
LOAD /tmp/ccV3Xcog.debug.temp.o
LOAD /tmp/ccKlQspw.debug.temp.o
LOAD /tmp/cckUNwzD.debug.temp.o
LOAD /tmp/ccmT4alO.debug.temp.o
LOAD /tmp/ccyUbHJ1.debug.temp.o
LOAD /tmp/ccdkEN18.debug.temp.o
LOAD /tmp/ccqqCYMY.debug.temp.o
LOAD /tmp/ccwNkdFn.debug.temp.o
LOAD /tmp/ccylfSwm.debug.temp.o
LOAD /tmp/ccS4gCUj.debug.temp.o
LOAD /tmp/cct7QmKz.debug.temp.o
LOAD /tmp/cc7swrro.debug.temp.o
LOAD /tmp/ccmRS9uB.debug.temp.o
LOAD /tmp/ccPwZJ8V.debug.temp.o
LOAD /tmp/ccwV4Eim.debug.temp.o
LOAD /tmp/ccLAvha2.debug.temp.o
LOAD /tmp/ccX7XYBQ.debug.temp.o
LOAD /tmp/ccWicUWC.debug.temp.o
LOAD /tmp/ccqU4Gua.debug.temp.o
LOAD /tmp/ccIT1Yrx.debug.temp.o
LOAD /tmp/ccMS5N4J.debug.temp.o
LOAD /tmp/cckiIMIk.debug.temp.o
LOAD /tmp/cchHvHjK.debug.temp.o
LOAD /tmp/ccuXLhTb.debug.temp.o
LOAD /tmp/ccEYbmEM.debug.temp.o
LOAD /tmp/ccuiq9WM.debug.temp.o
LOAD /tmp/ccKxciZk.debug.temp.o
LOAD /tmp/cc2WgM8V.debug.temp.o
LOAD /tmp/ccYKZijc.debug.temp.o
LOAD /tmp/ccw23lnH.debug.temp.o
LOAD /tmp/ccnquOyr.debug.temp.o
LOAD /tmp/cc0bmJfJ.debug.temp.o
LOAD /tmp/cch8etMz.debug.temp.o
LOAD /tmp/ccNZsIWz.debug.temp.o
LOAD /tmp/ccbccePz.debug.temp.o
LOAD /tmp/ccAEgid0.debug.temp.o
LOAD /tmp/ccFNn1nk.debug.temp.o
LOAD /tmp/ccOp12St.debug.temp.o
LOAD /tmp/ccWxYYY9.debug.temp.o
LOAD /tmp/ccyOlvOH.debug.temp.o
LOAD /tmp/cc5v7jtB.debug.temp.o
LOAD /tmp/ccOlBv3u.debug.temp.o
LOAD /tmp/ccnMzxtp.debug.temp.o
LOAD /tmp/cck7NoBZ.debug.temp.o
LOAD /tmp/ccEBi1Nw.debug.temp.o
LOAD /tmp/cc7vilfP.debug.temp.o
LOAD /tmp/ccdOV4CC.debug.temp.o
LOAD /tmp/cc0ijJg9.debug.temp.o
LOAD /tmp/ccSC3ghR.debug.temp.o
LOAD /tmp/cc5VW3fL.debug.temp.o
LOAD /tmp/ccPI8ucl.debug.temp.o
LOAD /tmp/ccFYwssz.debug.temp.o
LOAD /tmp/ccfjFX3C.debug.temp.o
LOAD /tmp/ccMrXGqf.debug.temp.o
LOAD /tmp/ccFZqvKJ.debug.temp.o
LOAD /tmp/ccnPOm6z.debug.temp.o
LOAD /tmp/ccJCTss6.debug.temp.o
LOAD /tmp/ccFn4bQk.debug.temp.o
LOAD /tmp/cc8nlo7x.debug.temp.o
LOAD /tmp/ccF47Ze3.debug.temp.o
LOAD /tmp/cc1xy6ZI.debug.temp.o
LOAD /tmp/ccZL7SAT.debug.temp.o
LOAD /tmp/ccftSWH3.debug.temp.o
LOAD /tmp/ccielt5h.debug.temp.o
LOAD /tmp/ccr5J7ct.debug.temp.o
LOAD /tmp/ccnjDHqj.debug.temp.o
LOAD /tmp/ccLbdKDW.debug.temp.o
LOAD /tmp/ccuadn4R.debug.temp.o
LOAD /tmp/ccU3mrbi.debug.temp.o
LOAD /tmp/ccxXgYiy.debug.temp.o
LOAD /tmp/ccy5DDr6.debug.temp.o
LOAD /tmp/ccyR8wjL.debug.temp.o
LOAD /tmp/ccZTRSHs.debug.temp.o
LOAD /tmp/cclBupi9.debug.temp.o
LOAD /tmp/ccd8LV7z.debug.temp.o
LOAD /tmp/ccywLa7N.debug.temp.o
LOAD /tmp/ccLLR3m9.debug.temp.o
LOAD /tmp/ccvEbCEQ.debug.temp.o
LOAD /tmp/ccKLZURO.debug.temp.o
LOAD /tmp/ccoKCZaL.debug.temp.o
LOAD /tmp/cc918mjs.debug.temp.o
LOAD /tmp/ccbewkeC.debug.temp.o
LOAD /tmp/ccAkjzsR.debug.temp.o
LOAD /tmp/cc8HoKna.debug.temp.o
LOAD /tmp/ccB8S1Yl.debug.temp.o
LOAD /tmp/cc8grJ5M.debug.temp.o
LOAD /tmp/ccfj18oC.debug.temp.o
LOAD /tmp/ccn5ZVDr.debug.temp.o
LOAD /tmp/cc6JIqKt.debug.temp.o
LOAD /tmp/ccR2BFqp.debug.temp.o
LOAD /tmp/cc46PlRt.debug.temp.o
LOAD /tmp/ccLUMWAg.debug.temp.o
LOAD /tmp/ccMJGMRb.debug.temp.o
LOAD /tmp/ccduTXhL.debug.temp.o
LOAD /tmp/ccKRcc42.debug.temp.o
LOAD /tmp/ccrxrEp4.debug.temp.o
LOAD /tmp/ccMG0hzh.debug.temp.o
LOAD /tmp/ccJTyHm1.debug.temp.o
LOAD /tmp/ccouHiFM.debug.temp.o
LOAD /tmp/cc51BNuY.debug.temp.o
LOAD /tmp/ccoazga4.debug.temp.o
LOAD /tmp/ccgSFXxn.debug.temp.o
LOAD /tmp/ccXIwqd9.debug.temp.o
LOAD /tmp/cc1DM7sZ.debug.temp.o
LOAD /tmp/ccQcyO7u.debug.temp.o
LOAD /tmp/ccgKcNA5.debug.temp.o
LOAD OVMF/MdeModulePkg/Bus/Isa/Ps2KeyboardDxe/ff/Ps2KeyboardDxe.lib
LOAD OVMF/MdePkg/Library/RegisterFilterLibNull/ff/FilterLibNull.lib
LOAD OVMF/MdePkg/Library/DxePcdLib/ff/DxePcdLib.lib
LOAD OVMF/MdePkg/Library/BaseMemoryLibRepStr/ff/BaseMemoryLibRepStr.lib
LOAD OVMF/MdePkg/Library/BaseLib/ff/BaseLib.lib
LOAD OVMF/MdePkg/Library/TdxLib/ff/TdxLib.lib
LOAD OVMF/MdePkg/Library/BaseDebugPrintErrorLevelLib/ff/BaseDebugPrintErrorLevelLib.lib
LOAD OVMF/MdePkg/Library/BasePrintLib/ff/BasePrintLib.lib
LOAD OVMF/MdePkg/Library/BaseIoLibIntrinsic/ff/BaseIoLibIntrinsicSev.lib
LOAD OVMF/OvmfPkg/Library/PlatformDebugLibIoPort/PlatformDebugLibIoPort/PlatformDebugLibIoPort.lib
LOAD OVMF/OvmfPkg/Library/CcProbeLib/DxeCcProbeLib/DxeCcProbeLib.lib
LOAD OVMF/MdePkg/Library/UefiBootServicesTableLib/ff/UefiBootServicesTableLib.lib
LOAD OVMF/MdePkg/Library/UefiMemoryAllocationLib/ff/UefiMemoryAllocationLib.lib
LOAD OVMF/MdePkg/Library/UefiDevicePathLibDevicePathProtocol/ff/UefiDevicePathLibDevicePathProtocol.lib
LOAD OVMF/MdePkg/Library/UefiRuntimeServicesTableLib/ff/UefiRuntimeServicesTableLib.lib
LOAD OVMF/MdePkg/Library/UefiLib/ff/UefiLib.lib
LOAD OVMF/MdePkg/Library/BasePciCf8Lib/ff/BasePciCf8Lib.lib
LOAD OVMF/MdePkg/Library/StackCheckLibNull/ff/StackCheckLibNull.lib
LOAD OVMF/MdePkg/Library/DxeHobLib/ff/DxeHobLib.lib
LOAD OVMF/MdePkg/Library/BasePciLibCf8/ff/BasePciLibCf8.lib
LOAD OVMF/MdeModulePkg/Library/DxeReportStatusCodeLib/ff/DxeReportStatusCodeLib.lib
LOAD OVMF/MdePkg/Library/UefiDriverEntryPoint/ff/UefiDriverEntryPoint.lib
LOAD OVMF/OvmfPkg/Library/AcpiTimerLib/DxeAcpiTimerLib/DxeAcpiTimerLib.lib
END GROUP
                0x0000000000000228                PECOFF_HEADER_SIZE = 0x228
                0x0000000000000228                . = PECOFF_HEADER_SIZE

.text           0x0000000000000240     0x2b68
 *(.entry)
 *(.text .text.* .stub .gnu.linkonce.t.*)
 .text.GetScancodeBufCount
                0x0000000000000240       0x15 /tmp/ccOES79M.ltrans0.ltrans.o
 .text.GetScancodeBufHead
                0x0000000000000255       0x3d /tmp/ccOES79M.ltrans0.ltrans.o
 .text.InitializeKeyState
                0x0000000000000292       0xca /tmp/ccOES79M.ltrans0.ltrans.o
 .text.IsKeyRegistered
                0x000000000000035c       0x24 /tmp/ccOES79M.ltrans0.ltrans.o
 .text.KeyboardEfiResetEx
                0x0000000000000380       0x28 /tmp/ccOES79M.ltrans0.ltrans.o
 .text.KeyboardUnregisterKeyNotify
                0x00000000000003a8       0xc8 /tmp/ccOES79M.ltrans0.ltrans.o
 .text.KbdControllerDriverSupported
                0x0000000000000470       0xf1 /tmp/ccOES79M.ltrans0.ltrans.o
 .text.KbdFreeNotifyList
                0x0000000000000561       0x4e /tmp/ccOES79M.ltrans0.ltrans.o
 .text.AsciiStrnCmp
                0x00000000000005af       0x5d /tmp/ccOES79M.ltrans0.ltrans.o
 .text.ReadCcGuestType
                0x000000000000060c       0x24 /tmp/ccOES79M.ltrans0.ltrans.o
 .text.FreePool
                0x0000000000000630        0xa /tmp/ccOES79M.ltrans0.ltrans.o
 .text.IsLanguageSupported
                0x000000000000063a       0x69 /tmp/ccOES79M.ltrans0.ltrans.o
 .text.LookupUnicodeString2
                0x00000000000006a3       0xdd /tmp/ccOES79M.ltrans0.ltrans.o
 .text.Ps2KeyboardComponentNameGetDriverName
                0x0000000000000780       0x3b /tmp/ccOES79M.ltrans0.ltrans.o
 .text.Ps2KeyboardComponentNameGetControllerName
                0x00000000000007bb      0x126 /tmp/ccOES79M.ltrans0.ltrans.o
 .text.FreeUnicodeStringTable
                0x00000000000008e1       0x4b /tmp/ccOES79M.ltrans0.ltrans.o
 .text.GetHobList
                0x000000000000092c       0x57 /tmp/ccOES79M.ltrans0.ltrans.o
 .text.ReportErrorCodeEnabled
                0x0000000000000983        0x3 /tmp/ccOES79M.ltrans0.ltrans.o
 .text.ReportDebugCodeEnabled
                0x0000000000000986        0x3 /tmp/ccOES79M.ltrans0.ltrans.o
 .text.InternalAllocatePool.constprop.0
                0x0000000000000989       0x33 /tmp/ccOES79M.ltrans0.ltrans.o
 .text.CopyMem  0x00000000000009bc       0x13 /tmp/ccOES79M.ltrans0.ltrans.o
 .text.PopEfikeyBufHead
                0x00000000000009cf       0x64 /tmp/ccOES79M.ltrans0.ltrans.o
 .text.KeyNotifyProcessHandler
                0x0000000000000a33       0xa8 /tmp/ccOES79M.ltrans0.ltrans.o
 .text.PushEfikeyBufTail
                0x0000000000000adb       0x6a /tmp/ccOES79M.ltrans0.ltrans.o
 .text.KeyboardRegisterKeyNotify
                0x0000000000000b45      0x15b /tmp/ccOES79M.ltrans0.ltrans.o
 .text.AddUnicodeString2.part.0.constprop.0
                0x0000000000000ca0      0x1e1 /tmp/ccOES79M.ltrans0.ltrans.o
 .text.ReportStatusCodeEx.constprop.0
                0x0000000000000e81      0x1d7 /tmp/ccOES79M.ltrans0.ltrans.o
 .text.ReportStatusCodeWithDevicePath
                0x0000000000001058       0x47 /tmp/ccOES79M.ltrans0.ltrans.o
 .text.IoRead8  0x000000000000109f       0x6b /tmp/ccOES79M.ltrans0.ltrans.o
 .text.KeyReadStatusRegister
                0x000000000000110a       0x12 /tmp/ccOES79M.ltrans0.ltrans.o
 .text.IoWrite8
                0x000000000000111c       0x72 /tmp/ccOES79M.ltrans0.ltrans.o
 .text.IoRead32
                0x000000000000118e       0x6b /tmp/ccOES79M.ltrans0.ltrans.o
 .text.MicroSecondDelay.constprop.0
                0x00000000000011f9       0x3e /tmp/ccOES79M.ltrans0.ltrans.o
 .text.KeyboardRead
                0x0000000000001237       0x66 /tmp/ccOES79M.ltrans0.ltrans.o
 .text.KbdControllerDriverStart
                0x000000000000129d      0x409 /tmp/ccOES79M.ltrans0.ltrans.o
 .text.KbdControllerDriverStop
                0x00000000000016a6      0x1bd /tmp/ccOES79M.ltrans0.ltrans.o
 .text.KeyboardWrite
                0x0000000000001863       0x66 /tmp/ccOES79M.ltrans0.ltrans.o
 .text.KeyboardCommand
                0x00000000000018c9       0x8f /tmp/ccOES79M.ltrans0.ltrans.o
 .text.KeyboardWaitForValue
                0x0000000000001958       0x92 /tmp/ccOES79M.ltrans0.ltrans.o
 .text.UpdateStatusLights
                0x00000000000019ea       0x6f /tmp/ccOES79M.ltrans0.ltrans.o
 .text.KeyboardTimerHandler
                0x0000000000001a59      0x590 /tmp/ccOES79M.ltrans0.ltrans.o
 .text.KeyboardReadKeyStrokeWorker
                0x0000000000001fe9       0xbd /tmp/ccOES79M.ltrans0.ltrans.o
 .text.KeyboardReadKeyStroke
                0x00000000000020a6       0x89 /tmp/ccOES79M.ltrans0.ltrans.o
 .text.KeyboardReadKeyStrokeEx
                0x000000000000212f       0x36 /tmp/ccOES79M.ltrans0.ltrans.o
 .text.KeyboardWaitForKey
                0x0000000000002165       0xae /tmp/ccOES79M.ltrans0.ltrans.o
 .text.KeyboardWaitForKeyEx
                0x0000000000002213        0x9 /tmp/ccOES79M.ltrans0.ltrans.o
 .text.KeyboardSetState
                0x000000000000221c       0xdd /tmp/ccOES79M.ltrans0.ltrans.o
 .text.KeyboardEfiReset
                0x00000000000022f9      0x45f /tmp/ccOES79M.ltrans0.ltrans.o
 .text.IoWrite32.constprop.0
                0x0000000000002758       0x77 /tmp/ccOES79M.ltrans0.ltrans.o
 .text._ModuleEntryPoint
                0x00000000000027cf      0x181 /tmp/ccOES79M.ltrans0.ltrans.o
                0x00000000000027cf                _ModuleEntryPoint
 .text          0x0000000000002950       0x1d OVMF/MdePkg/Library/BaseMemoryLibRepStr/ff/BaseMemoryLibRepStr.lib(ZeroMem.obj)
                0x0000000000002950                InternalMemZeroMem
 *fill*         0x000000000000296d        0x3 
 .text          0x0000000000002970       0x3c OVMF/MdePkg/Library/BaseMemoryLibRepStr/ff/BaseMemoryLibRepStr.lib(CopyMem.obj)
                0x0000000000002970                InternalMemCopyMem
 *fill*         0x00000000000029ac        0x4 
 .text          0x00000000000029b0       0x7c OVMF/MdePkg/Library/BaseLib/ff/BaseLib.lib(TdVmcall.obj)
                0x00000000000029b0                TdVmCall
 *(.rodata .rodata.* .gnu.linkonce.r.*)
 .rodata.AddUnicodeString2.part.0.constprop.0.str2.2
                0x0000000000002a2c       0x54 /tmp/ccOES79M.ltrans0.ltrans.o
                                         0x2a (size before relaxing)
 .rodata.KbdControllerDriverStart.str1.1
                0x0000000000002a80        0xb /tmp/ccOES79M.ltrans0.ltrans.o
                                          0x7 (size before relaxing)
 *fill*         0x0000000000002a8b        0x1 
 .rodata.KeyboardTimerHandler
                0x0000000000002a8c       0x44 /tmp/ccOES79M.ltrans0.ltrans.o
 *fill*         0x0000000000002ad0       0x10 
 .rodata.ConvertKeyboardScanCodeToEfiKey
                0x0000000000002ae0      0x2c8 /tmp/ccOES79M.ltrans0.ltrans.o
 .rodata.str1.1
                0x0000000000002da8        0x7 /tmp/ccOES79M.ltrans0.ltrans.o
 .rodata.str2.2
                0x0000000000002da8       0x2a /tmp/ccOES79M.ltrans0.ltrans.o
 *(.got .got.*)
 .got           0x0000000000002da8        0x0 ComponentName.obj (symbol from plugin)
 .got.plt       0x0000000000002da8        0x0 ComponentName.obj (symbol from plugin)
 *:AutoGen.obj(.data.g*Guid)

.plt            0x0000000000002db0        0x0
 .plt           0x0000000000002db0        0x0 ComponentName.obj (symbol from plugin)

.plt.got        0x0000000000002da8        0x0
 .plt.got       0x0000000000002da8        0x0 ComponentName.obj (symbol from plugin)

.data           0x0000000000002dc0      0x1d8
 *(.data .data.* .gnu.linkonce.d.*)
 .data.gEfiStatusCodeRuntimeProtocolGuid
                0x0000000000002dc0       0x10 /tmp/ccOES79M.ltrans0.ltrans.o
 .data.gEfiCallerIdGuid
                0x0000000000002dd0       0x10 /tmp/ccOES79M.ltrans0.ltrans.o
 .data.gEfiStatusCodeSpecificDataGuid
                0x0000000000002de0       0x10 /tmp/ccOES79M.ltrans0.ltrans.o
 .data.gEfiDevicePathUtilitiesProtocolGuid
                0x0000000000002df0       0x10 /tmp/ccOES79M.ltrans0.ltrans.o
 .data.gUefiOvmfPkgPlatformInfoGuid
                0x0000000000002e00       0x10 /tmp/ccOES79M.ltrans0.ltrans.o
 .data.gEfiComponentNameProtocolGuid
                0x0000000000002e10       0x10 /tmp/ccOES79M.ltrans0.ltrans.o
 .data.gEfiComponentName2ProtocolGuid
                0x0000000000002e20       0x10 /tmp/ccOES79M.ltrans0.ltrans.o
 .data.gEfiDriverBindingProtocolGuid
                0x0000000000002e30       0x10 /tmp/ccOES79M.ltrans0.ltrans.o
 .data.gEfiHobListGuid
                0x0000000000002e40       0x10 /tmp/ccOES79M.ltrans0.ltrans.o
 .data.gEfiSimpleTextInputExProtocolGuid
                0x0000000000002e50       0x10 /tmp/ccOES79M.ltrans0.ltrans.o
 .data.rel.local.gPs2KeyboardComponentName2
                0x0000000000002e60       0x18 /tmp/ccOES79M.ltrans0.ltrans.o
 *fill*         0x0000000000002e78        0x8 
 .data.gEfiDevicePathProtocolGuid
                0x0000000000002e80       0x10 /tmp/ccOES79M.ltrans0.ltrans.o
 .data.gEfiPs2PolicyProtocolGuid
                0x0000000000002e90       0x10 /tmp/ccOES79M.ltrans0.ltrans.o
 .data.mWaitForValueTimeOut
                0x0000000000002ea0        0x8 /tmp/ccOES79M.ltrans0.ltrans.o
 *fill*         0x0000000000002ea8        0x8 
 .data.gEfiSimpleTextInProtocolGuid
                0x0000000000002eb0       0x10 /tmp/ccOES79M.ltrans0.ltrans.o
 .data.gEfiSioProtocolGuid
                0x0000000000002ec0       0x10 /tmp/ccOES79M.ltrans0.ltrans.o
 *fill*         0x0000000000002ed0       0x10 
 .data.rel.local.gKeyboardControllerDriver
                0x0000000000002ee0       0x30 /tmp/ccOES79M.ltrans0.ltrans.o
 *fill*         0x0000000000002f10       0x10 
 .data.rel.local.mPs2KeyboardDriverNameTable
                0x0000000000002f20       0x20 /tmp/ccOES79M.ltrans0.ltrans.o
 .data.rel.local.gPs2KeyboardComponentName
                0x0000000000002f40       0x18 /tmp/ccOES79M.ltrans0.ltrans.o
 .data.rel.ro   0x0000000000002f58        0x0 ComponentName.obj (symbol from plugin)
 *(.bss .bss.*)
 .bss.mReportStatusCodeLibStatusCodeProtocol
                0x0000000000002f58        0x8 /tmp/ccOES79M.ltrans0.ltrans.o
 .bss.mAcpiTimerIoAddr
                0x0000000000002f60        0x4 /tmp/ccOES79M.ltrans0.ltrans.o
 *fill*         0x0000000000002f64        0x4 
 .bss.mDevicePathLibDevicePathUtilities
                0x0000000000002f68        0x8 /tmp/ccOES79M.ltrans0.ltrans.o
 .bss.gST       0x0000000000002f70        0x8 /tmp/ccOES79M.ltrans0.ltrans.o
 .bss.mHobList  0x0000000000002f78        0x8 /tmp/ccOES79M.ltrans0.ltrans.o
 .bss.mCcProbeGuestType
                0x0000000000002f80        0x1 /tmp/ccOES79M.ltrans0.ltrans.o
 .bss.mCcProbed
                0x0000000000002f81        0x1 /tmp/ccOES79M.ltrans0.ltrans.o
 .bss.mEnableMouseInterface
                0x0000000000002f82        0x1 /tmp/ccOES79M.ltrans0.ltrans.o
 *fill*         0x0000000000002f83        0x5 
 .bss.gRT       0x0000000000002f88        0x8 /tmp/ccOES79M.ltrans0.ltrans.o
 .bss.gBS       0x0000000000002f90        0x8 /tmp/ccOES79M.ltrans0.ltrans.o

.eh_frame       0x0000000000002fc0        0x0
 *(.eh_frame)
 .eh_frame      0x0000000000002fc0        0x0 ComponentName.obj (symbol from plugin)
 .eh_frame      0x0000000000002fc0        0x0 ComponentName.obj (symbol from plugin)

.dynbss         0x0000000000002fc0        0x0
 .dynbss        0x0000000000002fc0        0x0 ComponentName.obj (symbol from plugin)

.gnu.version_d  0x0000000000002fc0        0x0
 .gnu.version_d
                0x0000000000002fc0        0x0 ComponentName.obj (symbol from plugin)

.gnu.version    0x0000000000002fc0        0x0
 .gnu.version   0x0000000000002fc0        0x0 ComponentName.obj (symbol from plugin)

.gnu.version_r  0x0000000000002fc0        0x0
 .gnu.version_r
                0x0000000000002fc0        0x0 ComponentName.obj (symbol from plugin)

.sframe         0x0000000000002fc0        0x0
 .sframe        0x0000000000002fc0        0x0 ComponentName.obj (symbol from plugin)

.dynamic        0x0000000000002fc0       0xc0
 *(.dynamic)
 .dynamic       0x0000000000002fc0       0xc0 ComponentName.obj (symbol from plugin)
                0x0000000000002fc0                _DYNAMIC

.rela           0x0000000000003080      0x108
 *(.rela .rela.*)
 .rela.plt      0x0000000000003080        0x0 ComponentName.obj (symbol from plugin)
 .rela.got      0x0000000000003080        0x0 ComponentName.obj (symbol from plugin)
 .rela.bss      0x0000000000003080        0x0 ComponentName.obj (symbol from plugin)
 .rela.data.rel.ro
                0x0000000000003080        0x0 ComponentName.obj (symbol from plugin)
 .rela.ifunc    0x0000000000003080        0x0 ComponentName.obj (symbol from plugin)
 .rela.data.rel.local.gPs2KeyboardComponentName2
                0x0000000000003080       0x48 ComponentName.obj (symbol from plugin)
 .rela.data.rel.local.gKeyboardControllerDriver
                0x00000000000030c8       0x48 ComponentName.obj (symbol from plugin)
 .rela.data.rel.local.mPs2KeyboardDriverNameTable
                0x0000000000003110       0x30 ComponentName.obj (symbol from plugin)
 .rela.data.rel.local.gPs2KeyboardComponentName
                0x0000000000003140       0x48 ComponentName.obj (symbol from plugin)

.hii
 *(.hii)

.got
 *(.got)
                0x0000000000000001                ASSERT ((SIZEOF (.got) == 0x0), Unexpected GOT entries detected!)

.got.plt
 *(.got.plt)
                0x0000000000000001                ASSERT ((((SIZEOF (.got.plt) == 0x0) || (SIZEOF (.got.plt) == 0xc)) || (SIZEOF (.got.plt) == 0x18)), Unexpected GOT/PLT entries detected!)

.build-id       0x0000000000003188       0x24
 *(.note.gnu.build-id)
 .note.gnu.build-id
                0x0000000000003188       0x24 ComponentName.obj (symbol from plugin)

/DISCARD/
 *(.note.GNU-stack)
 *(.gnu_debuglink)
 *(.interp)
 *(.dynsym)
 *(.dynstr)
 *(.hash .gnu.hash)
 *(.comment)
OUTPUT(OVMF/MdeModulePkg/Bus/Isa/Ps2KeyboardDxe/ff/Ps2KeyboardDxe.dll elf64-x86-64)

.debug_info     0x0000000000000000    0x2162c
 .debug_info    0x0000000000000000     0x4548 /tmp/ccOES79M.ltrans0.ltrans.o
 .debug_info    0x0000000000004548     0x16f3 /tmp/ccHtevKa.debug.temp.o
                0x0000000000004548                ComponentName.c.70d68311
 .debug_info    0x0000000000005c3b     0x1f1f /tmp/ccnKGM1d.debug.temp.o
                0x0000000000005c3b                Ps2KbdCtrller.c.73e1cfd5
 .debug_info    0x0000000000007b5a     0x1965 /tmp/ccFZcO9w.debug.temp.o
                0x0000000000007b5a                Ps2KbdTextIn.c.4e77158a
 .debug_info    0x00000000000094bf     0x25ee /tmp/ccqlOdXq.debug.temp.o
                0x00000000000094bf                Ps2Keyboard.c.68309c54
 .debug_info    0x000000000000baad     0x1d35 /tmp/ccEOkzpH.debug.temp.o
                0x000000000000baad                AutoGen.c.4f693b68
 .debug_info    0x000000000000d7e2       0xc6 /tmp/ccyUbHJ1.debug.temp.o
                0x000000000000d7e2                ZeroMemWrapper.c.435c82d4
 .debug_info    0x000000000000d8a8       0xdd /tmp/cc7swrro.debug.temp.o
                0x000000000000d8a8                CopyMemWrapper.c.bcd292c7
 .debug_info    0x000000000000d985      0x235 /tmp/ccPwZJ8V.debug.temp.o
                0x000000000000d985                MemLibGuid.c.fe071e6f
 .debug_info    0x000000000000dbba      0x16a /tmp/ccMS5N4J.debug.temp.o
                0x000000000000dbba                SetJump.c.b42e82c1
 .debug_info    0x000000000000dd24       0xa8 /tmp/ccEBi1Nw.debug.temp.o
                0x000000000000dd24                CpuDeadLoop.c.eeca97ff
 .debug_info    0x000000000000ddcc       0xc2 /tmp/cc7vilfP.debug.temp.o
                0x000000000000ddcc                Cpu.c.c8c63343
 .debug_info    0x000000000000de8e      0x2da /tmp/ccdOV4CC.debug.temp.o
                0x000000000000de8e                LinkedList.c.a1bf10de
 .debug_info    0x000000000000e168      0x7e1 /tmp/ccSC3ghR.debug.temp.o
                0x000000000000e168                String.c.c3a420b2
 .debug_info    0x000000000000e949      0x1eb /tmp/ccMrXGqf.debug.temp.o
                0x000000000000e949                Unaligned.c.4c182237
 .debug_info    0x000000000000eb34      0x1f2 /tmp/cc1xy6ZI.debug.temp.o
                0x000000000000eb34                X86GetInterruptState.c.7339938d
 .debug_info    0x000000000000ed26      0x2e1 /tmp/ccy5DDr6.debug.temp.o
                0x000000000000ed26                GccInline.c.db70b42f
 .debug_info    0x000000000000f007      0x67c /tmp/ccyR8wjL.debug.temp.o
                0x000000000000f007                GccInlinePriv.c.e7cf1f4d
 .debug_info    0x000000000000f683      0x302 /tmp/ccbewkeC.debug.temp.o
                0x000000000000f683                IoLibGcc.c.c5d012ce
 .debug_info    0x000000000000f985      0x5d6 /tmp/cc8HoKna.debug.temp.o
                0x000000000000f985                IoLibInternalTdx.c.57641dee
 .debug_info    0x000000000000ff5b      0x313 /tmp/cc6JIqKt.debug.temp.o
                0x000000000000ff5b                DxeCcProbeLib.c.b552ce0e
 .debug_info    0x000000000001026e     0x1749 /tmp/ccR2BFqp.debug.temp.o
                0x000000000001026e                UefiBootServicesTableLib.c.7b310a7d
 .debug_info    0x00000000000119b7     0x12eb /tmp/cc46PlRt.debug.temp.o
                0x00000000000119b7                MemoryAllocationLib.c.72a2e7df
 .debug_info    0x0000000000012ca2     0x1e8f /tmp/ccLUMWAg.debug.temp.o
                0x0000000000012ca2                UefiDevicePathLib.c.2b3207c8
 .debug_info    0x0000000000014b31     0x1720 /tmp/ccMJGMRb.debug.temp.o
                0x0000000000014b31                UefiRuntimeServicesTableLib.c.8f1cc5a3
 .debug_info    0x0000000000016251     0x1fd3 /tmp/ccrxrEp4.debug.temp.o
                0x0000000000016251                UefiDriverModel.c.4b95bcdc
 .debug_info    0x0000000000018224     0x2558 /tmp/ccJTyHm1.debug.temp.o
                0x0000000000018224                UefiLib.c.9f57b607
 .debug_info    0x000000000001a77c      0xfd0 /tmp/cc51BNuY.debug.temp.o
                0x000000000001a77c                PciCf8Lib.c.ffb430d8
 .debug_info    0x000000000001b74c     0x20e0 /tmp/ccoazga4.debug.temp.o
                0x000000000001b74c                HobLib.c.3aa1ef1c
 .debug_info    0x000000000001d82c      0xb18 /tmp/ccgSFXxn.debug.temp.o
                0x000000000001d82c                PciLib.c.7a389a7a
 .debug_info    0x000000000001e344     0x13f2 /tmp/ccXIwqd9.debug.temp.o
                0x000000000001e344                ReportStatusCodeLib.c.a8800483
 .debug_info    0x000000000001f736     0x18d2 /tmp/cc1DM7sZ.debug.temp.o
                0x000000000001f736                DriverEntryPoint.c.8ac4840e
 .debug_info    0x0000000000021008      0x1b3 /tmp/ccQcyO7u.debug.temp.o
                0x0000000000021008                AcpiTimerLib.c.69112e34
 .debug_info    0x00000000000211bb      0x471 /tmp/ccgKcNA5.debug.temp.o
                0x00000000000211bb                DxeAcpiTimerLib.c.457d362c

.debug_abbrev   0x0000000000000000     0x3609
 .debug_abbrev  0x0000000000000000      0x265 /tmp/ccOES79M.ltrans0.ltrans.o
 .debug_abbrev  0x0000000000000265      0x252 /tmp/ccHtevKa.debug.temp.o
 .debug_abbrev  0x00000000000004b7      0x2d1 /tmp/ccnKGM1d.debug.temp.o
 .debug_abbrev  0x0000000000000788      0x2d4 /tmp/ccFZcO9w.debug.temp.o
 .debug_abbrev  0x0000000000000a5c      0x313 /tmp/ccqlOdXq.debug.temp.o
 .debug_abbrev  0x0000000000000d6f      0x2b1 /tmp/ccEOkzpH.debug.temp.o
 .debug_abbrev  0x0000000000001020       0x7e /tmp/ccyUbHJ1.debug.temp.o
 .debug_abbrev  0x000000000000109e       0x8c /tmp/cc7swrro.debug.temp.o
 .debug_abbrev  0x000000000000112a       0xdd /tmp/ccPwZJ8V.debug.temp.o
 .debug_abbrev  0x0000000000001207       0xa7 /tmp/ccMS5N4J.debug.temp.o
 .debug_abbrev  0x00000000000012ae       0x71 /tmp/ccEBi1Nw.debug.temp.o
 .debug_abbrev  0x000000000000131f       0xa5 /tmp/cc7vilfP.debug.temp.o
 .debug_abbrev  0x00000000000013c4      0x10f /tmp/ccdOV4CC.debug.temp.o
 .debug_abbrev  0x00000000000014d3      0x12d /tmp/ccSC3ghR.debug.temp.o
 .debug_abbrev  0x0000000000001600       0x8c /tmp/ccMrXGqf.debug.temp.o
 .debug_abbrev  0x000000000000168c       0xd5 /tmp/cc1xy6ZI.debug.temp.o
 .debug_abbrev  0x0000000000001761      0x135 /tmp/ccy5DDr6.debug.temp.o
 .debug_abbrev  0x0000000000001896      0x17f /tmp/ccyR8wjL.debug.temp.o
 .debug_abbrev  0x0000000000001a15       0xee /tmp/ccbewkeC.debug.temp.o
 .debug_abbrev  0x0000000000001b03      0x150 /tmp/cc8HoKna.debug.temp.o
 .debug_abbrev  0x0000000000001c53      0x114 /tmp/cc6JIqKt.debug.temp.o
 .debug_abbrev  0x0000000000001d67      0x1e0 /tmp/ccR2BFqp.debug.temp.o
 .debug_abbrev  0x0000000000001f47      0x21c /tmp/cc46PlRt.debug.temp.o
 .debug_abbrev  0x0000000000002163      0x2a2 /tmp/ccLUMWAg.debug.temp.o
 .debug_abbrev  0x0000000000002405      0x1b0 /tmp/ccMJGMRb.debug.temp.o
 .debug_abbrev  0x00000000000025b5      0x227 /tmp/ccrxrEp4.debug.temp.o
 .debug_abbrev  0x00000000000027dc      0x2a8 /tmp/ccJTyHm1.debug.temp.o
 .debug_abbrev  0x0000000000002a84      0x12c /tmp/cc51BNuY.debug.temp.o
 .debug_abbrev  0x0000000000002bb0      0x2a3 /tmp/ccoazga4.debug.temp.o
 .debug_abbrev  0x0000000000002e53       0xe6 /tmp/ccgSFXxn.debug.temp.o
 .debug_abbrev  0x0000000000002f39      0x292 /tmp/ccXIwqd9.debug.temp.o
 .debug_abbrev  0x00000000000031cb      0x21d /tmp/cc1DM7sZ.debug.temp.o
 .debug_abbrev  0x00000000000033e8       0xe4 /tmp/ccQcyO7u.debug.temp.o
 .debug_abbrev  0x00000000000034cc      0x13d /tmp/ccgKcNA5.debug.temp.o

.debug_loclists
                0x0000000000000000     0x2ed9
 .debug_loclists
                0x0000000000000000     0x2ed9 /tmp/ccOES79M.ltrans0.ltrans.o

.debug_aranges  0x0000000000000000      0x360
 .debug_aranges
                0x0000000000000000      0x360 /tmp/ccOES79M.ltrans0.ltrans.o

.debug_rnglists
                0x0000000000000000      0x4ac
 .debug_rnglists
                0x0000000000000000      0x4ac /tmp/ccOES79M.ltrans0.ltrans.o

.debug_line     0x0000000000000000     0x3b0b
 .debug_line    0x0000000000000000     0x2c4f /tmp/ccOES79M.ltrans0.ltrans.o
 .debug_line    0x0000000000002c4f       0x9d /tmp/ccHtevKa.debug.temp.o
 .debug_line    0x0000000000002cec       0xb9 /tmp/ccnKGM1d.debug.temp.o
 .debug_line    0x0000000000002da5       0xa2 /tmp/ccFZcO9w.debug.temp.o
 .debug_line    0x0000000000002e47       0xcd /tmp/ccqlOdXq.debug.temp.o
 .debug_line    0x0000000000002f14       0x8a /tmp/ccEOkzpH.debug.temp.o
 .debug_line    0x0000000000002f9e       0x48 /tmp/ccyUbHJ1.debug.temp.o
 .debug_line    0x0000000000002fe6       0x48 /tmp/cc7swrro.debug.temp.o
 .debug_line    0x000000000000302e       0x55 /tmp/ccPwZJ8V.debug.temp.o
 .debug_line    0x0000000000003083       0x4c /tmp/ccMS5N4J.debug.temp.o
 .debug_line    0x00000000000030cf       0x4c /tmp/ccEBi1Nw.debug.temp.o
 .debug_line    0x000000000000311b       0x4c /tmp/cc7vilfP.debug.temp.o
 .debug_line    0x0000000000003167       0x55 /tmp/ccdOV4CC.debug.temp.o
 .debug_line    0x00000000000031bc       0x5e /tmp/ccSC3ghR.debug.temp.o
 .debug_line    0x000000000000321a       0x4c /tmp/ccMrXGqf.debug.temp.o
 .debug_line    0x0000000000003266       0x4c /tmp/cc1xy6ZI.debug.temp.o
 .debug_line    0x00000000000032b2       0x4c /tmp/ccy5DDr6.debug.temp.o
 .debug_line    0x00000000000032fe       0x51 /tmp/ccyR8wjL.debug.temp.o
 .debug_line    0x000000000000334f       0x51 /tmp/ccbewkeC.debug.temp.o
 .debug_line    0x00000000000033a0       0x5f /tmp/cc8HoKna.debug.temp.o
 .debug_line    0x00000000000033ff       0x63 /tmp/cc6JIqKt.debug.temp.o
 .debug_line    0x0000000000003462       0x7b /tmp/ccR2BFqp.debug.temp.o
 .debug_line    0x00000000000034dd       0x76 /tmp/cc46PlRt.debug.temp.o
 .debug_line    0x0000000000003553       0xa2 /tmp/ccLUMWAg.debug.temp.o
 .debug_line    0x00000000000035f5       0x72 /tmp/ccMJGMRb.debug.temp.o
 .debug_line    0x0000000000003667       0xa7 /tmp/ccrxrEp4.debug.temp.o
 .debug_line    0x000000000000370e       0xa7 /tmp/ccJTyHm1.debug.temp.o
 .debug_line    0x00000000000037b5       0x5a /tmp/cc51BNuY.debug.temp.o
 .debug_line    0x000000000000380f       0x97 /tmp/ccoazga4.debug.temp.o
 .debug_line    0x00000000000038a6       0x55 /tmp/ccgSFXxn.debug.temp.o
 .debug_line    0x00000000000038fb       0xae /tmp/ccXIwqd9.debug.temp.o
 .debug_line    0x00000000000039a9       0x8e /tmp/cc1DM7sZ.debug.temp.o
 .debug_line    0x0000000000003a37       0x51 /tmp/ccQcyO7u.debug.temp.o
 .debug_line    0x0000000000003a88       0x83 /tmp/ccgKcNA5.debug.temp.o

.debug_str      0x0000000000000000     0x5cdf
 .debug_str     0x0000000000000000     0x5cdf /tmp/ccOES79M.ltrans0.ltrans.o
                                        0x1c5 (size before relaxing)
 .debug_str     0x0000000000005cdf     0x145d /tmp/ccHtevKa.debug.temp.o
 .debug_str     0x0000000000005cdf     0x18fd /tmp/ccnKGM1d.debug.temp.o
 .debug_str     0x0000000000005cdf     0x14af /tmp/ccFZcO9w.debug.temp.o
 .debug_str     0x0000000000005cdf     0x1f69 /tmp/ccqlOdXq.debug.temp.o
 .debug_str     0x0000000000005cdf     0x1d90 /tmp/ccEOkzpH.debug.temp.o
 .debug_str     0x0000000000005cdf      0x23e /tmp/ccyUbHJ1.debug.temp.o
 .debug_str     0x0000000000005cdf      0x256 /tmp/cc7swrro.debug.temp.o
 .debug_str     0x0000000000005cdf      0x32d /tmp/ccPwZJ8V.debug.temp.o
 .debug_str     0x0000000000005cdf      0x268 /tmp/ccMS5N4J.debug.temp.o
 .debug_str     0x0000000000005cdf      0x23c /tmp/ccEBi1Nw.debug.temp.o
 .debug_str     0x0000000000005cdf      0x277 /tmp/cc7vilfP.debug.temp.o
 .debug_str     0x0000000000005cdf      0x36d /tmp/ccdOV4CC.debug.temp.o
 .debug_str     0x0000000000005cdf      0x6c7 /tmp/ccSC3ghR.debug.temp.o
 .debug_str     0x0000000000005cdf      0x2c4 /tmp/ccMrXGqf.debug.temp.o
 .debug_str     0x0000000000005cdf      0x298 /tmp/cc1xy6ZI.debug.temp.o
 .debug_str     0x0000000000005cdf      0x36c /tmp/ccy5DDr6.debug.temp.o
 .debug_str     0x0000000000005cdf      0x51f /tmp/ccyR8wjL.debug.temp.o
 .debug_str     0x0000000000005cdf      0x356 /tmp/ccbewkeC.debug.temp.o
 .debug_str     0x0000000000005cdf      0x3da /tmp/cc8HoKna.debug.temp.o
 .debug_str     0x0000000000005cdf      0x4e3 /tmp/cc6JIqKt.debug.temp.o
 .debug_str     0x0000000000005cdf     0x138c /tmp/ccR2BFqp.debug.temp.o
 .debug_str     0x0000000000005cdf      0xf83 /tmp/cc46PlRt.debug.temp.o
 .debug_str     0x0000000000005cdf     0x1a2e /tmp/ccLUMWAg.debug.temp.o
 .debug_str     0x0000000000005cdf     0x1382 /tmp/ccMJGMRb.debug.temp.o
 .debug_str     0x0000000000005cdf     0x1cb6 /tmp/ccrxrEp4.debug.temp.o
 .debug_str     0x0000000000005cdf     0x1c20 /tmp/ccJTyHm1.debug.temp.o
 .debug_str     0x0000000000005cdf      0x6ee /tmp/cc51BNuY.debug.temp.o
 .debug_str     0x0000000000005cdf     0x1989 /tmp/ccoazga4.debug.temp.o
 .debug_str     0x0000000000005cdf      0x6a2 /tmp/ccgSFXxn.debug.temp.o
 .debug_str     0x0000000000005cdf     0x119e /tmp/ccXIwqd9.debug.temp.o
 .debug_str     0x0000000000005cdf     0x14e6 /tmp/cc1DM7sZ.debug.temp.o
 .debug_str     0x0000000000005cdf      0x324 /tmp/ccQcyO7u.debug.temp.o
 .debug_str     0x0000000000005cdf      0x60e /tmp/ccgKcNA5.debug.temp.o

.debug_line_str
                0x0000000000000000      0xf90
 .debug_line_str
                0x0000000000000000      0xf90 /tmp/ccOES79M.ltrans0.ltrans.o
                                        0x515 (size before relaxing)
 .debug_line_str
                0x0000000000000f90      0x221 /tmp/ccHtevKa.debug.temp.o
 .debug_line_str
                0x0000000000000f90      0x296 /tmp/ccnKGM1d.debug.temp.o
 .debug_line_str
                0x0000000000000f90      0x224 /tmp/ccFZcO9w.debug.temp.o
 .debug_line_str
                0x0000000000000f90      0x2d1 /tmp/ccqlOdXq.debug.temp.o
 .debug_line_str
                0x0000000000000f90      0x1cd /tmp/ccEOkzpH.debug.temp.o
 .debug_line_str
                0x0000000000000f90       0xd4 /tmp/ccyUbHJ1.debug.temp.o
 .debug_line_str
                0x0000000000000f90       0xd4 /tmp/cc7swrro.debug.temp.o
 .debug_line_str
                0x0000000000000f90       0xfb /tmp/ccPwZJ8V.debug.temp.o
 .debug_line_str
                0x0000000000000f90       0xc2 /tmp/ccMS5N4J.debug.temp.o
 .debug_line_str
                0x0000000000000f90       0xca /tmp/ccEBi1Nw.debug.temp.o
 .debug_line_str
                0x0000000000000f90       0xba /tmp/cc7vilfP.debug.temp.o
 .debug_line_str
                0x0000000000000f90       0xe6 /tmp/ccdOV4CC.debug.temp.o
 .debug_line_str
                0x0000000000000f90      0x104 /tmp/ccSC3ghR.debug.temp.o
 .debug_line_str
                0x0000000000000f90       0xc6 /tmp/ccMrXGqf.debug.temp.o
 .debug_line_str
                0x0000000000000f90       0xdc /tmp/cc1xy6ZI.debug.temp.o
 .debug_line_str
                0x0000000000000f90       0xce /tmp/ccy5DDr6.debug.temp.o
 .debug_line_str
                0x0000000000000f90       0xea /tmp/ccyR8wjL.debug.temp.o
 .debug_line_str
                0x0000000000000f90       0xef /tmp/ccbewkeC.debug.temp.o
 .debug_line_str
                0x0000000000000f90      0x135 /tmp/cc8HoKna.debug.temp.o
 .debug_line_str
                0x0000000000000f90      0x134 /tmp/cc6JIqKt.debug.temp.o
 .debug_line_str
                0x0000000000000f90      0x1bf /tmp/ccR2BFqp.debug.temp.o
 .debug_line_str
                0x0000000000000f90      0x1a4 /tmp/cc46PlRt.debug.temp.o
 .debug_line_str
                0x0000000000000f90      0x27a /tmp/ccLUMWAg.debug.temp.o
 .debug_line_str
                0x0000000000000f90      0x194 /tmp/ccMJGMRb.debug.temp.o
 .debug_line_str
                0x0000000000000f90      0x23b /tmp/ccrxrEp4.debug.temp.o
 .debug_line_str
                0x0000000000000f90      0x21f /tmp/ccJTyHm1.debug.temp.o
 .debug_line_str
                0x0000000000000f90       0xf5 /tmp/cc51BNuY.debug.temp.o
 .debug_line_str
                0x0000000000000f90      0x1d3 /tmp/ccoazga4.debug.temp.o
 .debug_line_str
                0x0000000000000f90       0xe9 /tmp/ccgSFXxn.debug.temp.o
 .debug_line_str
                0x0000000000000f90      0x2c3 /tmp/ccXIwqd9.debug.temp.o
 .debug_line_str
                0x0000000000000f90      0x202 /tmp/cc1DM7sZ.debug.temp.o
 .debug_line_str
                0x0000000000000f90       0xe7 /tmp/ccQcyO7u.debug.temp.o
 .debug_line_str
                0x0000000000000f90      0x1bb /tmp/ccgKcNA5.debug.temp.o

.debug_frame    0x0000000000000000      0xa10
 .debug_frame   0x0000000000000000      0xa10 /tmp/ccOES79M.ltrans0.ltrans.o
